

Switch>
Switch>
Switch>enable
Switch#conf t
Enter configuration commands, one per line.  End with CNTL/Z.
Switch(config)#show running-config
                ^
% Invalid input detected at '^' marker.
	
Switch(config)#exit
Switch#
%SYS-5-CONFIG_I: Configured from console by console

Switch#
Switch#show running-config
Building configuration...

Current configuration : 1551 bytes
!
version 15.0
no service timestamps log datetime msec
no service timestamps debug datetime msec
no service password-encryption
!
hostname Switch

spanning-tree mode pvst
spanning-tree extend system-id
!
interface FastEthernet0/1
 switchport access vlan 20
 switchport mode access
 switchport port-security
 switchport port-security mac-address sticky 
!
interface FastEthernet0/2
 switchport access vlan 10
 switchport mode access
!
interface FastEthernet0/3
 switchport access vlan 20
 switchport mode access
!
interface FastEthernet0/4
 switchport mode trunk
!
interface FastEthernet0/5
 shutdown
!
interface FastEthernet0/6
 shutdown
!
interface FastEthernet0/7
 shutdown
!
interface FastEthernet0/8
 shutdown
!
interface FastEthernet0/9
 shutdown
!
interface FastEthernet0/10
 shutdown
!
interface FastEthernet0/11
 shutdown
!
interface FastEthernet0/12
 shutdown
!
interface FastEthernet0/13
 shutdown
!
interface FastEthernet0/14
 shutdown
!
interface FastEthernet0/15
 shutdown
!
interface FastEthernet0/16
 shutdown
!
interface FastEthernet0/17
 shutdown
!
interface FastEthernet0/18
 shutdown
!
interface FastEthernet0/19
 shutdown
!
interface FastEthernet0/20
 shutdown
!
interface FastEthernet0/21
 shutdown
!
interface FastEthernet0/22
 shutdown
!
interface FastEthernet0/23
 shutdown
!
interface FastEthernet0/24
 shutdown
!
interface GigabitEthernet0/1
 switchport mode trunk
!
interface GigabitEthernet0/2
!
interface Vlan1
 no ip address
 shutdown

line con 0

line vty 0 4
 login
line vty 5 15
 login

end

